// Jest Snapshot v1, https://goo.gl/fbAQLP

exports[`Menu render renders horizontal menu correctly 1`] = `
<ul
  aria-activedescendant=""
  class="rc-menu myMenu rc-menu-root rc-menu-horizontal"
  role="menu"
  tabindex="0"
>
  <li
    class=" rc-menu-item-group"
  >
    <div
      class="rc-menu-item-group-title"
      title="g1"
    >
      g1
    </div>
    <ul
      class="rc-menu-item-group-list"
    >
      <li
        aria-selected="false"
        class="rc-menu-item"
        role="menuitem"
      >
        1
      </li>
      <li
        class=" rc-menu-item-divider"
      />
      <li
        aria-selected="false"
        class="rc-menu-item"
        role="menuitem"
      >
        2
      </li>
    </ul>
  </li>
  <li
    aria-selected="false"
    class="rc-menu-item"
    role="menuitem"
  >
    3
  </li>
  <li
    class=" rc-menu-item-group"
  >
    <div
      class="rc-menu-item-group-title"
      title="g2"
    >
      g2
    </div>
    <ul
      class="rc-menu-item-group-list"
    >
      <li
        aria-selected="false"
        class="rc-menu-item"
        role="menuitem"
      >
        4
      </li>
      <li
        aria-disabled="true"
        aria-selected="false"
        class="rc-menu-item rc-menu-item-disabled"
        role="menuitem"
      >
        5
      </li>
    </ul>
  </li>
  <li
    class="rc-menu-submenu rc-menu-submenu-horizontal"
  >
    <div
      aria-expanded="false"
      aria-haspopup="true"
      aria-owns="item_3$Menu"
      class="rc-menu-submenu-title"
      title="submenu"
    >
      submenu
      <i
        class="rc-menu-submenu-arrow"
      />
    </div>
  </li>
</ul>
`;

exports[`Menu render renders inline menu correctly 1`] = `
<ul
  aria-activedescendant=""
  class="rc-menu myMenu rc-menu-root rc-menu-inline"
  role="menu"
  tabindex="0"
>
  <li
    class=" rc-menu-item-group"
  >
    <div
      class="rc-menu-item-group-title"
      title="g1"
    >
      g1
    </div>
    <ul
      class="rc-menu-item-group-list"
    >
      <li
        aria-selected="false"
        class="rc-menu-item"
        role="menuitem"
        style="padding-left:24px"
      >
        1
      </li>
      <li
        class=" rc-menu-item-divider"
      />
      <li
        aria-selected="false"
        class="rc-menu-item"
        role="menuitem"
        style="padding-left:24px"
      >
        2
      </li>
    </ul>
  </li>
  <li
    aria-selected="false"
    class="rc-menu-item"
    role="menuitem"
    style="padding-left:24px"
  >
    3
  </li>
  <li
    class=" rc-menu-item-group"
  >
    <div
      class="rc-menu-item-group-title"
      title="g2"
    >
      g2
    </div>
    <ul
      class="rc-menu-item-group-list"
    >
      <li
        aria-selected="false"
        class="rc-menu-item"
        role="menuitem"
        style="padding-left:24px"
      >
        4
      </li>
      <li
        aria-disabled="true"
        aria-selected="false"
        class="rc-menu-item rc-menu-item-disabled"
        role="menuitem"
        style="padding-left:24px"
      >
        5
      </li>
    </ul>
  </li>
  <li
    class="rc-menu-submenu rc-menu-submenu-inline"
  >
    <div
      aria-expanded="false"
      aria-haspopup="true"
      aria-owns="item_3$Menu"
      class="rc-menu-submenu-title"
      style="padding-left:24px"
      title="submenu"
    >
      submenu
      <i
        class="rc-menu-submenu-arrow"
      />
    </div>
  </li>
</ul>
`;

exports[`Menu render renders vertical menu correctly 1`] = `
<ul
  aria-activedescendant=""
  class="rc-menu myMenu rc-menu-root rc-menu-vertical"
  role="menu"
  tabindex="0"
>
  <li
    class=" rc-menu-item-group"
  >
    <div
      class="rc-menu-item-group-title"
      title="g1"
    >
      g1
    </div>
    <ul
      class="rc-menu-item-group-list"
    >
      <li
        aria-selected="false"
        class="rc-menu-item"
        role="menuitem"
      >
        1
      </li>
      <li
        class=" rc-menu-item-divider"
      />
      <li
        aria-selected="false"
        class="rc-menu-item"
        role="menuitem"
      >
        2
      </li>
    </ul>
  </li>
  <li
    aria-selected="false"
    class="rc-menu-item"
    role="menuitem"
  >
    3
  </li>
  <li
    class=" rc-menu-item-group"
  >
    <div
      class="rc-menu-item-group-title"
      title="g2"
    >
      g2
    </div>
    <ul
      class="rc-menu-item-group-list"
    >
      <li
        aria-selected="false"
        class="rc-menu-item"
        role="menuitem"
      >
        4
      </li>
      <li
        aria-disabled="true"
        aria-selected="false"
        class="rc-menu-item rc-menu-item-disabled"
        role="menuitem"
      >
        5
      </li>
    </ul>
  </li>
  <li
    class="rc-menu-submenu rc-menu-submenu-vertical"
  >
    <div
      aria-expanded="false"
      aria-haspopup="true"
      aria-owns="item_3$Menu"
      class="rc-menu-submenu-title"
      title="submenu"
    >
      submenu
      <i
        class="rc-menu-submenu-arrow"
      />
    </div>
  </li>
</ul>
`;
